    MaxRSS  MaxDiskRead MaxDiskWrite    Elapsed        NodeList 
---------- ------------ ------------ ---------- --------------- 
                                       00:03:00      slepner022 
                                       00:03:00      slepner022 
    37356K   128216.91M    56743.43M   00:02:49      slepner022 
